============================= test session starts =============================
platform win32 -- Python 3.12.3, pytest-8.4.1, pluggy-1.6.0
rootdir: D:\sweetshop
collected 11 items

tests\test_sweetshop.py ...........                                      [100%]

============================= 11 passed in 0.02s ==============================
